[subindoscore7dias.com/scoreem7dias67/index.html]
[backblue.gif]
[fade.gif]
[index.html]
[subindoscore7dias.com/wp-content/cache/wpfc-minified/lzm0fdzd/dqety.js]
[i2.wp.com/subindoscore7dias.com/wp-content/uploads/2021/02/cropped-123-1-32x32.png]
[i2.wp.com/subindoscore7dias.com/wp-content/uploads/2021/02/cropped-123-1-192x192.png]
[i1.wp.com/subindoscore7dias.com/wp-content/uploads/2021/02/cropped-123-1-180x180.png]
[i0.wp.com/subindoscore7dias.com/wp-content/uploads/2021/02/Sem_Titulo-4.jpg]
[i3.wp.com/subindoscore7dias.com/wp-content/uploads/2021/02/compra-segura-3.png]
[i0.wp.com/subindoscore7dias.com/wp-content/uploads/elementor/thumbs/123-p3ewd61ar4sfwe078877objiu1pxpwpg6nfvebc1ts.png]
[i2.wp.com/subindoscore7dias.com/wp-content/uploads/2021/02/depositphotos_52492703-stock-photo-confident-mature-man-in-shirt.jpg]
[i0.wp.com/subindoscore7dias.com/wp-content/uploads/2021/02/g1-logo-1024x616-1.png]
[i1.wp.com/subindoscore7dias.com/wp-content/uploads/2021/03/feedback-positivo-g1-1024x533.png]
[i1.wp.com/subindoscore7dias.com/wp-content/uploads/2021/02/r7-logo-1024x876-1.png]
[i1.wp.com/subindoscore7dias.com/wp-content/uploads/2021/03/feedback-positivo-r7-1024x541.png]
[i2.wp.com/subindoscore7dias.com/wp-content/uploads/2021/03/sbt-logo-0-1536x1536-1-1024x1024.png]
[i0.wp.com/subindoscore7dias.com/wp-content/uploads/2021/03/feedback-positivo-sbt-1024x576.png]
[i2.wp.com/subindoscore7dias.com/wp-content/uploads/elementor/thumbs/feedback-1-p3ido0keu9fjer9ostsynabr91orzdtgdw6yd1mbgo.jpg]
[i0.wp.com/subindoscore7dias.com/wp-content/uploads/elementor/thumbs/pexels-photo-1130626-p3ieabakyryetqvolgscsnrek3s8kwc849bm7ck3uw.jpg]
[i2.wp.com/subindoscore7dias.com/wp-content/uploads/elementor/thumbs/pexels-photo-1222271-p3ieav16yapflk30e7bir0s3172y2jil6z0ta5qu88.jpg]
[i0.wp.com/subindoscore7dias.com/wp-content/uploads/2021/02/f1-1-598x1024.jpg]
[i1.wp.com/subindoscore7dias.com/wp-content/uploads/2021/02/f5-2-598x1024.jpg]
[i2.wp.com/subindoscore7dias.com/wp-content/uploads/2021/02/f2-598x1024.jpg]
[i3.wp.com/subindoscore7dias.com/wp-content/uploads/2021/02/f4-598x1024.jpg]
[i3.wp.com/subindoscore7dias.com/wp-content/uploads/2021/02/f6-2-598x1024.jpg]
[i0.wp.com/subindoscore7dias.com/wp-content/uploads/2021/02/f3-598x1024.jpg]
[i0.wp.com/subindoscore7dias.com/wp-content/uploads/2021/02/compra-segura-3.png]
[i1.wp.com/subindoscore7dias.com/wp-content/uploads/2021/02/1111-1024x1024.png]
[i3.wp.com/subindoscore7dias.com/wp-content/uploads/2021/02/222222-1024x1024.png]
[i1.wp.com/subindoscore7dias.com/wp-content/uploads/2021/02/333333333-1024x1024.png]
[i1.wp.com/subindoscore7dias.com/wp-content/uploads/2021/02/4444444444-1024x1024.png]
[i0.wp.com/subindoscore7dias.com/wp-content/uploads/2021/02/5-estrela-1.png]
[i3.wp.com/fornecedorderoupas.com/wp-content/uploads/2021/02/compra-sg-1.png]
[i2.wp.com/subindoscore7dias.com/wp-content/uploads/2021/02/garantia-de-7-dias-1.png]
[i0.wp.com/subindoscore7dias.com/wp-content/uploads/2021/03/selo-patenteado-300x247-1.png]
[i1.wp.com/subindoscore7dias.com/wp-content/uploads/2021/02/vetor1.jpg.png]
[i0.wp.com/subindoscore7dias.com/wp-content/uploads/2021/02/site-blindado-logo-3-1024x229.png]
[i0.wp.com/subindoscore7dias.com/wp-content/uploads/2021/02/garantia_7_dias.png]
[subindoscore7dias.com/wp-includes/js/wp-embed.min9f31.js]
[subindoscore7dias.com/wp-includes/js/imagesloaded.mineda1.js]
[subindoscore7dias.com/wp-content/plugins/elementor-pro/assets/js/webpack-pro.runtime.min3d36.js]
[subindoscore7dias.com/wp-content/plugins/elementor/assets/js/webpack.runtime.min2072.js]
[subindoscore7dias.com/wp-includes/js/jquery/jquery.min9d52.js]
[subindoscore7dias.com/wp-includes/js/jquery/jquery-migrate.mind617.js]
[subindoscore7dias.com/wp-content/plugins/elementor/assets/js/frontend-modules.min2072.js]
[subindoscore7dias.com/wp-content/plugins/elementor-pro/assets/lib/sticky/jquery.sticky.min3d36.js]
[subindoscore7dias.com/wp-content/plugins/elementor-pro/assets/js/frontend.min3d36.js]
[subindoscore7dias.com/wp-content/plugins/elementor/assets/lib/waypoints/waypoints.min05da.js]
[subindoscore7dias.com/wp-includes/js/jquery/ui/core.min35d0.js]
[subindoscore7dias.com/wp-content/plugins/elementor/assets/lib/swiper/swiper.min48f5.js]
[subindoscore7dias.com/wp-content/plugins/elementor/assets/lib/share-link/share-link.min2072.js]
[subindoscore7dias.com/wp-content/plugins/elementor/assets/lib/dialog/dialog.mina288.js]
[subindoscore7dias.com/wp-content/plugins/elementor/assets/js/frontend.min2072.js]
[subindoscore7dias.com/wp-content/plugins/elementor-pro/assets/js/preloaded-elements-handlers.min3d36.js]
[subindoscore7dias.com/wp-content/plugins/elementor/assets/js/preloaded-modules.min2072.js]
[subindoscore7dias.com/scoreem7dias67/index.html]
[subindoscore7dias.com/wp-content/cache/wpfc-minified/6j93pc91/dqety.css]
[subindoscore7dias.com/wp-content/cache/wpfc-minified/2cozfct/dqety.css]
[subindoscore7dias.com/wp-content/cache/wpfc-minified/1qfjunwo/dqety.css]
[subindoscore7dias.com/wp-content/uploads/elementor/css/post-92250.css]
[subindoscore7dias.com/wp-content/cache/wpfc-minified/e4uiyerp/dqety.css]
[subindoscore7dias.com/wp-content/uploads/2021/02/f1-2.jpg]
[subindoscore7dias.com/wp-content/uploads/elementor/css/post-2139d7aa.css]
[subindoscore7dias.com/wp-content/cache/wpfc-minified/g1a9x51/dqety.css]
[subindoscore7dias.com/wp-content/cache/wpfc-minified/e3gtzlud/dqety.css]
